Copyright 1986-2022 Xilinx, Inc. All Rights Reserved. Copyright 2022-2025 Advanced Micro Devices, Inc. All Rights Reserved.
---------------------------------------------------------------------------------------------------------------------------------------------
| Tool Version : Vivado v.2025.2 (win64) Build 6299465 Fri Nov 14 19:35:11 GMT 2025
| Date         : Wed Jan  7 15:42:57 2026
| Host         : LAPTOP-PLH30OIJ running 64-bit major release  (build 9200)
| Command      : report_control_sets -verbose -file wrapped_control_sets_placed.rpt
| Design       : wrapped
| Device       : xc7z020
---------------------------------------------------------------------------------------------------------------------------------------------

Control Set Information

Table of Contents
-----------------
1. Summary
2. Histogram
3. Flip-Flop Distribution
4. Detailed Control Set Information

1. Summary
----------

+----------------------------------------------------------+-------+
|                          Status                          | Count |
+----------------------------------------------------------+-------+
| Total control sets                                       |     7 |
|    Minimum number of control sets                        |     7 |
|    Addition due to synthesis replication                 |     0 |
|    Addition due to physical synthesis replication        |     0 |
| Unused register locations in slices containing registers |    23 |
+----------------------------------------------------------+-------+
* Control sets can be merged at opt_design using control_set_merge or merge_equivalent_drivers
** Run report_qor_suggestions for automated merging and remapping suggestions


2. Histogram
------------

+--------------------+-------+
|       Fanout       | Count |
+--------------------+-------+
| Total control sets |     7 |
| >= 0 to < 4        |     1 |
| >= 4 to < 6        |     1 |
| >= 6 to < 8        |     0 |
| >= 8 to < 10       |     1 |
| >= 10 to < 12      |     0 |
| >= 12 to < 14      |     0 |
| >= 14 to < 16      |     0 |
| >= 16              |     4 |
+--------------------+-------+
* Control sets can be remapped at either synth_design or opt_design


3. Flip-Flop Distribution
-------------------------

+--------------+-----------------------+------------------------+-----------------+--------------+
| Clock Enable | Synchronous Set/Reset | Asynchronous Set/Reset | Total Registers | Total Slices |
+--------------+-----------------------+------------------------+-----------------+--------------+
| No           | No                    | No                     |               0 |            0 |
| No           | No                    | Yes                    |              25 |           10 |
| No           | Yes                   | No                     |               0 |            0 |
| Yes          | No                    | No                     |               0 |            0 |
| Yes          | No                    | Yes                    |              80 |           41 |
| Yes          | Yes                   | No                     |               0 |            0 |
+--------------+-----------------------+------------------------+-----------------+--------------+


4. Detailed Control Set Information
-----------------------------------

+----------------+------------------------------------+------------------+------------------+----------------+--------------+
|  Clock Signal  |            Enable Signal           | Set/Reset Signal | Slice Load Count | Bel Load Count | Bels / Slice |
+----------------+------------------------------------+------------------+------------------+----------------+--------------+
|  clk_IBUF_BUFG | u_btn_next/FSM_onehot_state_reg[0] | btn_rst_raw_IBUF |                1 |              2 |         2.00 |
|  clk_IBUF_BUFG | u_btn_mode/btn_stable_reg_0[0]     | btn_rst_raw_IBUF |                1 |              4 |         4.00 |
|  clk_IBUF_BUFG | u_btn_next/E[0]                    | btn_rst_raw_IBUF |                4 |              8 |         2.00 |
|  clk_IBUF_BUFG | u_btn_next/FSM_onehot_state_reg[2] | btn_rst_raw_IBUF |               12 |             16 |         1.33 |
|  clk_IBUF_BUFG | u_btn_mode/E[0]                    | btn_rst_raw_IBUF |                7 |             16 |         2.29 |
|  clk_IBUF_BUFG |                                    | btn_rst_raw_IBUF |               10 |             25 |         2.50 |
|  clk_IBUF_BUFG | en                                 | btn_rst_raw_IBUF |               16 |             34 |         2.12 |
+----------------+------------------------------------+------------------+------------------+----------------+--------------+


