INFO: [VRFC 10-2263] Analyzing SystemVerilog file "C:/Users/PTNgoc/DA_TKLL_ALU_FIXED_POINT/ALU_FIXED_POINT.srcs/sources_1/new/add32.sv" into library xil_defaultlib
INFO: [VRFC 10-311] analyzing module add32
INFO: [VRFC 10-2263] Analyzing SystemVerilog file "C:/Users/PTNgoc/DA_TKLL_ALU_FIXED_POINT/ALU_FIXED_POINT.srcs/sources_1/new/algorithm.sv" into library xil_defaultlib
INFO: [VRFC 10-311] analyzing module algorithm
INFO: [VRFC 10-2263] Analyzing SystemVerilog file "C:/Users/PTNgoc/DA_TKLL_ALU_FIXED_POINT/ALU_FIXED_POINT.srcs/sources_1/new/alu_fixed_point.sv" into library xil_defaultlib
INFO: [VRFC 10-311] analyzing module alu_fixed_point
INFO: [VRFC 10-2263] Analyzing SystemVerilog file "C:/Users/PTNgoc/DA_TKLL_ALU_FIXED_POINT/ALU_FIXED_POINT.srcs/sources_1/new/btn_pulse.sv" into library xil_defaultlib
INFO: [VRFC 10-311] analyzing module btn_pulse
INFO: [VRFC 10-2263] Analyzing SystemVerilog file "C:/Users/PTNgoc/DA_TKLL_ALU_FIXED_POINT/ALU_FIXED_POINT.srcs/sources_1/new/compare_unit.sv" into library xil_defaultlib
INFO: [VRFC 10-311] analyzing module compare_unit
INFO: [VRFC 10-2263] Analyzing SystemVerilog file "C:/Users/PTNgoc/DA_TKLL_ALU_FIXED_POINT/ALU_FIXED_POINT.srcs/sources_1/new/div_unit.sv" into library xil_defaultlib
INFO: [VRFC 10-311] analyzing module div_unit
INFO: [VRFC 10-2263] Analyzing SystemVerilog file "C:/Users/PTNgoc/DA_TKLL_ALU_FIXED_POINT/ALU_FIXED_POINT.srcs/sources_1/new/flag_unit.sv" into library xil_defaultlib
INFO: [VRFC 10-311] analyzing module flag_unit
INFO: [VRFC 10-2263] Analyzing SystemVerilog file "C:/Users/PTNgoc/DA_TKLL_ALU_FIXED_POINT/ALU_FIXED_POINT.srcs/sources_1/new/logic_unit.sv" into library xil_defaultlib
INFO: [VRFC 10-311] analyzing module logic_unit
INFO: [VRFC 10-2263] Analyzing SystemVerilog file "C:/Users/PTNgoc/DA_TKLL_ALU_FIXED_POINT/ALU_FIXED_POINT.srcs/sources_1/new/mul_core.sv" into library xil_defaultlib
INFO: [VRFC 10-311] analyzing module mul_core
INFO: [VRFC 10-2263] Analyzing SystemVerilog file "C:/Users/PTNgoc/DA_TKLL_ALU_FIXED_POINT/ALU_FIXED_POINT.srcs/sources_1/new/mul_unit.sv" into library xil_defaultlib
INFO: [VRFC 10-311] analyzing module mul_unit
INFO: [VRFC 10-2263] Analyzing SystemVerilog file "C:/Users/PTNgoc/DA_TKLL_ALU_FIXED_POINT/ALU_FIXED_POINT.srcs/sources_1/new/round_cut.sv" into library xil_defaultlib
INFO: [VRFC 10-311] analyzing module round_cut
INFO: [VRFC 10-2263] Analyzing SystemVerilog file "C:/Users/PTNgoc/DA_TKLL_ALU_FIXED_POINT/ALU_FIXED_POINT.srcs/sources_1/new/select_unit.sv" into library xil_defaultlib
INFO: [VRFC 10-311] analyzing module select_unit
INFO: [VRFC 10-2263] Analyzing SystemVerilog file "C:/Users/PTNgoc/DA_TKLL_ALU_FIXED_POINT/ALU_FIXED_POINT.srcs/sources_1/new/shift_unit.sv" into library xil_defaultlib
INFO: [VRFC 10-311] analyzing module shift_unit
INFO: [VRFC 10-2263] Analyzing SystemVerilog file "C:/Users/PTNgoc/DA_TKLL_ALU_FIXED_POINT/ALU_FIXED_POINT.srcs/sources_1/new/sub32.sv" into library xil_defaultlib
INFO: [VRFC 10-311] analyzing module sub32
INFO: [VRFC 10-2263] Analyzing SystemVerilog file "C:/Users/PTNgoc/DA_TKLL_ALU_FIXED_POINT/ALU_FIXED_POINT.srcs/sources_1/new/wrapped.sv" into library xil_defaultlib
INFO: [VRFC 10-311] analyzing module wrapped
INFO: [VRFC 10-2263] Analyzing SystemVerilog file "C:/Users/PTNgoc/DA_TKLL_ALU_FIXED_POINT/ALU_FIXED_POINT.srcs/sim_1/new/tb_wrapped.sv" into library xil_defaultlib
INFO: [VRFC 10-311] analyzing module tb_wrapped
